// Jest Snapshot v1, https://goo.gl/fbAQLP

exports[`Filters Component renders correctly 1`] = `
.emotion-0 {
  height: 0;
  overflow: hidden;
  -webkit-transition: height 300ms cubic-bezier(0.4, 0, 0.2, 1) 0ms;
  transition: height 300ms cubic-bezier(0.4, 0, 0.2, 1) 0ms;
  height: auto;
  overflow: visible;
}

.emotion-1 {
  display: -webkit-box;
  display: -webkit-flex;
  display: -ms-flexbox;
  display: flex;
  width: 100%;
}

.emotion-2 {
  width: 100%;
}

.emotion-3.Mui-focused .MuiAutocomplete-clearIndicator {
  visibility: visible;
}

@media (pointer: fine) {
  .emotion-3:hover .MuiAutocomplete-clearIndicator {
    visibility: visible;
  }
}

.emotion-3 .MuiAutocomplete-tag {
  margin: 3px;
  max-width: calc(100% - 6px);
}

.MuiAutocomplete-hasPopupIcon.emotion-3 .MuiAutocomplete-inputRoot,
.MuiAutocomplete-hasClearIcon.emotion-3 .MuiAutocomplete-inputRoot {
  padding-right: 30px;
}

.MuiAutocomplete-hasPopupIcon.MuiAutocomplete-hasClearIcon.emotion-3 .MuiAutocomplete-inputRoot {
  padding-right: 56px;
}

.emotion-3 .MuiAutocomplete-inputRoot .MuiAutocomplete-input {
  width: 0;
  min-width: 30px;
}

.emotion-3 .MuiInput-root {
  padding-bottom: 1px;
}

.emotion-3 .MuiInput-root .MuiInput-input {
  padding: 4px 4px 4px 0px;
}

.emotion-3 .MuiInput-root.MuiInputBase-sizeSmall .MuiInput-input {
  padding: 2px 4px 3px 0;
}

.emotion-3 .MuiOutlinedInput-root {
  padding: 9px;
}

.MuiAutocomplete-hasPopupIcon.emotion-3 .MuiOutlinedInput-root,
.MuiAutocomplete-hasClearIcon.emotion-3 .MuiOutlinedInput-root {
  padding-right: 39px;
}

.MuiAutocomplete-hasPopupIcon.MuiAutocomplete-hasClearIcon.emotion-3 .MuiOutlinedInput-root {
  padding-right: 65px;
}

.emotion-3 .MuiOutlinedInput-root .MuiAutocomplete-input {
  padding: 7.5px 4px 7.5px 5px;
}

.emotion-3 .MuiOutlinedInput-root .MuiAutocomplete-endAdornment {
  right: 9px;
}

.emotion-3 .MuiOutlinedInput-root.MuiInputBase-sizeSmall {
  padding-top: 6px;
  padding-bottom: 6px;
  padding-left: 6px;
}

.emotion-3 .MuiOutlinedInput-root.MuiInputBase-sizeSmall .MuiAutocomplete-input {
  padding: 2.5px 4px 2.5px 8px;
}

.emotion-3 .MuiFilledInput-root {
  padding-top: 19px;
  padding-left: 8px;
}

.MuiAutocomplete-hasPopupIcon.emotion-3 .MuiFilledInput-root,
.MuiAutocomplete-hasClearIcon.emotion-3 .MuiFilledInput-root {
  padding-right: 39px;
}

.MuiAutocomplete-hasPopupIcon.MuiAutocomplete-hasClearIcon.emotion-3 .MuiFilledInput-root {
  padding-right: 65px;
}

.emotion-3 .MuiFilledInput-root .MuiFilledInput-input {
  padding: 7px 4px;
}

.emotion-3 .MuiFilledInput-root .MuiAutocomplete-endAdornment {
  right: 9px;
}

.emotion-3 .MuiFilledInput-root.MuiInputBase-sizeSmall {
  padding-bottom: 1px;
}

.emotion-3 .MuiFilledInput-root.MuiInputBase-sizeSmall .MuiFilledInput-input {
  padding: 2.5px 4px;
}

.emotion-3 .MuiInputBase-hiddenLabel {
  padding-top: 8px;
}

.emotion-3 .MuiFilledInput-root.MuiInputBase-hiddenLabel {
  padding-top: 0;
  padding-bottom: 0;
}

.emotion-3 .MuiFilledInput-root.MuiInputBase-hiddenLabel .MuiAutocomplete-input {
  padding-top: 16px;
  padding-bottom: 17px;
}

.emotion-3 .MuiFilledInput-root.MuiInputBase-hiddenLabel.MuiInputBase-sizeSmall .MuiAutocomplete-input {
  padding-top: 8px;
  padding-bottom: 9px;
}

.emotion-3 .MuiAutocomplete-input {
  -webkit-box-flex: 1;
  -webkit-flex-grow: 1;
  -ms-flex-positive: 1;
  flex-grow: 1;
  text-overflow: ellipsis;
  opacity: 0;
}

.emotion-3 .MuiAutocomplete-input {
  opacity: 1;
}

.emotion-4 {
  display: -webkit-inline-box;
  display: -webkit-inline-flex;
  display: -ms-inline-flexbox;
  display: inline-flex;
  -webkit-flex-direction: column;
  -ms-flex-direction: column;
  flex-direction: column;
  position: relative;
  min-width: 0;
  padding: 0;
  margin: 0;
  border: 0;
  vertical-align: top;
  width: 100%;
  margin-top: 18px;
  min-width: 240px;
}

.emotion-5 {
  color: rgba(0, 0, 0, 0.54);
  line-height: 1.4375em;
  font-family: Lato,sans-serif;
  font-weight: 400;
  font-size: 0.9286rem;
  padding: 0;
  position: relative;
  color: rgba(0, 0, 0, 0.54);
  display: block;
  transform-origin: top left;
  white-space: nowrap;
  overflow: hidden;
  text-overflow: ellipsis;
  max-width: 100%;
  position: absolute;
  left: 0;
  top: 0;
  -webkit-transform: translate(0, 20px) scale(1);
  -moz-transform: translate(0, 20px) scale(1);
  -ms-transform: translate(0, 20px) scale(1);
  transform: translate(0, 20px) scale(1);
  -webkit-transition: color 200ms cubic-bezier(0.0, 0, 0.2, 1) 0ms,-webkit-transform 200ms cubic-bezier(0.0, 0, 0.2, 1) 0ms,max-width 200ms cubic-bezier(0.0, 0, 0.2, 1) 0ms;
  transition: color 200ms cubic-bezier(0.0, 0, 0.2, 1) 0ms,transform 200ms cubic-bezier(0.0, 0, 0.2, 1) 0ms,max-width 200ms cubic-bezier(0.0, 0, 0.2, 1) 0ms;
}

.emotion-5.Mui-focused {
  color: #337a87;
}

.emotion-5.Mui-disabled {
  color: rgba(0, 0, 0, 0.38);
}

.emotion-5.Mui-error {
  color: #ab1000;
}

.emotion-5.Mui-focused {
  color: #337a87;
}

.emotion-6 {
  line-height: 1.4375em;
  font-family: Lato,sans-serif;
  font-weight: 400;
  font-size: 0.9286rem;
  color: rgba(10, 10, 11, 0.78);
  box-sizing: border-box;
  position: relative;
  cursor: text;
  display: -webkit-inline-box;
  display: -webkit-inline-flex;
  display: -ms-inline-flexbox;
  display: inline-flex;
  -webkit-align-items: center;
  -webkit-box-align: center;
  -ms-flex-align: center;
  align-items: center;
  width: 100%;
  position: relative;
}

.emotion-6.Mui-disabled {
  color: rgba(0, 0, 0, 0.38);
  cursor: default;
}

label+.emotion-6 {
  margin-top: 16px;
}

.emotion-6::after {
  left: 0;
  bottom: 0;
  content: "";
  position: absolute;
  right: 0;
  -webkit-transform: scaleX(0);
  -moz-transform: scaleX(0);
  -ms-transform: scaleX(0);
  transform: scaleX(0);
  -webkit-transition: -webkit-transform 200ms cubic-bezier(0.0, 0, 0.2, 1) 0ms;
  transition: transform 200ms cubic-bezier(0.0, 0, 0.2, 1) 0ms;
  pointer-events: none;
}

.emotion-6.Mui-focused:after {
  -webkit-transform: scaleX(1) translateX(0);
  -moz-transform: scaleX(1) translateX(0);
  -ms-transform: scaleX(1) translateX(0);
  transform: scaleX(1) translateX(0);
}

.emotion-6.Mui-error::before,
.emotion-6.Mui-error::after {
  border-bottom-color: #ab1000;
}

.emotion-6::before {
  border-bottom: 1px solid rgba(0, 0, 0, 0.42);
  left: 0;
  bottom: 0;
  content: "\\00a0";
  position: absolute;
  right: 0;
  -webkit-transition: border-bottom-color 200ms cubic-bezier(0.4, 0, 0.2, 1) 0ms;
  transition: border-bottom-color 200ms cubic-bezier(0.4, 0, 0.2, 1) 0ms;
  pointer-events: none;
}

.emotion-6:hover:not(.Mui-disabled, .Mui-error):before {
  border-bottom: 2px solid rgba(10, 10, 11, 0.78);
}

@media (hover: none) {
  .emotion-6:hover:not(.Mui-disabled, .Mui-error):before {
    border-bottom: 1px solid rgba(0, 0, 0, 0.42);
  }
}

.emotion-6.Mui-disabled:before {
  border-bottom-style: dotted;
}

.emotion-6::after {
  border-bottom: 2px solid #337a87;
}

.emotion-6:before {
  border-bottom: 1px solid rgb(224, 224, 224);
}

.emotion-6:hover:not($disabled):before {
  border-bottom: 2px solid #337a87!important;
}

.emotion-6:after {
  border-bottom: 2px solid #337a87;
}

.emotion-7 {
  font: inherit;
  letter-spacing: inherit;
  color: currentColor;
  padding: 4px 0 5px;
  border: 0;
  box-sizing: content-box;
  background: none;
  height: 1.4375em;
  margin: 0;
  -webkit-tap-highlight-color: transparent;
  display: block;
  min-width: 0;
  width: 100%;
  -webkit-animation-name: mui-auto-fill-cancel;
  animation-name: mui-auto-fill-cancel;
  -webkit-animation-duration: 10ms;
  animation-duration: 10ms;
}

.emotion-7::-webkit-input-placeholder {
  color: currentColor;
  opacity: 0.42;
  -webkit-transition: opacity 200ms cubic-bezier(0.4, 0, 0.2, 1) 0ms;
  transition: opacity 200ms cubic-bezier(0.4, 0, 0.2, 1) 0ms;
}

.emotion-7::-moz-placeholder {
  color: currentColor;
  opacity: 0.42;
  -webkit-transition: opacity 200ms cubic-bezier(0.4, 0, 0.2, 1) 0ms;
  transition: opacity 200ms cubic-bezier(0.4, 0, 0.2, 1) 0ms;
}

.emotion-7::-ms-input-placeholder {
  color: currentColor;
  opacity: 0.42;
  -webkit-transition: opacity 200ms cubic-bezier(0.4, 0, 0.2, 1) 0ms;
  transition: opacity 200ms cubic-bezier(0.4, 0, 0.2, 1) 0ms;
}

.emotion-7:focus {
  outline: 0;
}

.emotion-7:invalid {
  box-shadow: none;
}

.emotion-7::-webkit-search-decoration {
  -webkit-appearance: none;
}

label[data-shrink=false]+.MuiInputBase-formControl .emotion-7::-webkit-input-placeholder {
  opacity: 0!important;
}

label[data-shrink=false]+.MuiInputBase-formControl .emotion-7::-moz-placeholder {
  opacity: 0!important;
}

label[data-shrink=false]+.MuiInputBase-formControl .emotion-7::-ms-input-placeholder {
  opacity: 0!important;
}

label[data-shrink=false]+.MuiInputBase-formControl .emotion-7:focus::-webkit-input-placeholder {
  opacity: 0.42;
}

label[data-shrink=false]+.MuiInputBase-formControl .emotion-7:focus::-moz-placeholder {
  opacity: 0.42;
}

label[data-shrink=false]+.MuiInputBase-formControl .emotion-7:focus::-ms-input-placeholder {
  opacity: 0.42;
}

.emotion-7.Mui-disabled {
  opacity: 1;
  -webkit-text-fill-color: rgba(0, 0, 0, 0.38);
}

.emotion-7:-webkit-autofill {
  -webkit-animation-duration: 5000s;
  animation-duration: 5000s;
  -webkit-animation-name: mui-auto-fill;
  animation-name: mui-auto-fill;
}

.emotion-8 {
  position: absolute;
  right: 0;
  top: 50%;
  -webkit-transform: translate(0, -50%);
  -moz-transform: translate(0, -50%);
  -ms-transform: translate(0, -50%);
  transform: translate(0, -50%);
}

.emotion-9 {
  display: -webkit-inline-box;
  display: -webkit-inline-flex;
  display: -ms-inline-flexbox;
  display: inline-flex;
  -webkit-align-items: center;
  -webkit-box-align: center;
  -ms-flex-align: center;
  align-items: center;
  -webkit-box-pack: center;
  -ms-flex-pack: center;
  -webkit-justify-content: center;
  justify-content: center;
  position: relative;
  box-sizing: border-box;
  -webkit-tap-highlight-color: transparent;
  background-color: transparent;
  outline: 0;
  border: 0;
  margin: 0;
  border-radius: 0;
  padding: 0;
  cursor: pointer;
  -webkit-user-select: none;
  -moz-user-select: none;
  -ms-user-select: none;
  user-select: none;
  vertical-align: middle;
  -moz-appearance: none;
  -webkit-appearance: none;
  -webkit-text-decoration: none;
  text-decoration: none;
  color: inherit;
  text-align: center;
  -webkit-flex: 0 0 auto;
  -ms-flex: 0 0 auto;
  flex: 0 0 auto;
  font-size: 1.3929rem;
  padding: 8px;
  border-radius: 50%;
  color: rgba(0, 0, 0, 0.54);
  -webkit-transition: background-color 150ms cubic-bezier(0.4, 0, 0.2, 1) 0ms;
  transition: background-color 150ms cubic-bezier(0.4, 0, 0.2, 1) 0ms;
  --IconButton-hoverBg: rgba(0, 0, 0, 0.04);
  font-size: 1.2rem;
  color: rgba(0, 0, 0, 0.54);
  margin-right: -2px;
  padding: 4px;
  visibility: hidden;
}

.emotion-9::-moz-focus-inner {
  border-style: none;
}

.emotion-9.Mui-disabled {
  pointer-events: none;
  cursor: default;
}

@media print {
  .emotion-9 {
    -webkit-print-color-adjust: exact;
    color-adjust: exact;
  }
}

.emotion-9:hover {
  background-color: var(--IconButton-hoverBg);
}

@media (hover: none) {
  .emotion-9:hover {
    background-color: transparent;
  }
}

.emotion-9.Mui-disabled {
  background-color: transparent;
  color: rgba(0, 0, 0, 0.26);
}

.emotion-10 {
  -webkit-user-select: none;
  -moz-user-select: none;
  -ms-user-select: none;
  user-select: none;
  width: 1em;
  height: 1em;
  display: inline-block;
  -webkit-flex-shrink: 0;
  -ms-flex-negative: 0;
  flex-shrink: 0;
  -webkit-transition: fill 200ms cubic-bezier(0.4, 0, 0.2, 1) 0ms;
  transition: fill 200ms cubic-bezier(0.4, 0, 0.2, 1) 0ms;
  fill: currentColor;
  font-size: 1.1607rem;
}

.emotion-10 iconButton {
  margin-right: 8px;
}

.emotion-11 {
  line-height: 1.4375em;
  font-family: Lato,sans-serif;
  font-weight: 400;
  font-size: 0.9286rem;
  color: rgba(10, 10, 11, 0.78);
  box-sizing: border-box;
  position: relative;
  cursor: text;
  display: -webkit-inline-box;
  display: -webkit-inline-flex;
  display: -ms-inline-flexbox;
  display: inline-flex;
  -webkit-align-items: center;
  -webkit-box-align: center;
  -ms-flex-align: center;
  align-items: center;
  position: relative;
}

.emotion-11.Mui-disabled {
  color: rgba(0, 0, 0, 0.38);
  cursor: default;
}

.emotion-11::after {
  left: 0;
  bottom: 0;
  content: "";
  position: absolute;
  right: 0;
  -webkit-transform: scaleX(0);
  -moz-transform: scaleX(0);
  -ms-transform: scaleX(0);
  transform: scaleX(0);
  -webkit-transition: -webkit-transform 200ms cubic-bezier(0.0, 0, 0.2, 1) 0ms;
  transition: transform 200ms cubic-bezier(0.0, 0, 0.2, 1) 0ms;
  pointer-events: none;
}

.emotion-11.Mui-focused:after {
  -webkit-transform: scaleX(1) translateX(0);
  -moz-transform: scaleX(1) translateX(0);
  -ms-transform: scaleX(1) translateX(0);
  transform: scaleX(1) translateX(0);
}

.emotion-11.Mui-error::before,
.emotion-11.Mui-error::after {
  border-bottom-color: #ab1000;
}

.emotion-11::before {
  border-bottom: 1px solid rgba(0, 0, 0, 0.42);
  left: 0;
  bottom: 0;
  content: "\\00a0";
  position: absolute;
  right: 0;
  -webkit-transition: border-bottom-color 200ms cubic-bezier(0.4, 0, 0.2, 1) 0ms;
  transition: border-bottom-color 200ms cubic-bezier(0.4, 0, 0.2, 1) 0ms;
  pointer-events: none;
}

.emotion-11:hover:not(.Mui-disabled, .Mui-error):before {
  border-bottom: 2px solid rgba(10, 10, 11, 0.78);
}

@media (hover: none) {
  .emotion-11:hover:not(.Mui-disabled, .Mui-error):before {
    border-bottom: 1px solid rgba(0, 0, 0, 0.42);
  }
}

.emotion-11.Mui-disabled:before {
  border-bottom-style: dotted;
}

.emotion-11::after {
  border-bottom: 2px solid #337a87;
}

.emotion-11:before {
  border-bottom: 1px solid rgb(224, 224, 224);
}

.emotion-11:hover:not($disabled):before {
  border-bottom: 2px solid #337a87!important;
}

.emotion-11:after {
  border-bottom: 2px solid #337a87;
}

.emotion-12 {
  -moz-appearance: none;
  -webkit-appearance: none;
  -webkit-user-select: none;
  -moz-user-select: none;
  -ms-user-select: none;
  user-select: none;
  border-radius: 0;
  cursor: pointer;
  font: inherit;
  letter-spacing: inherit;
  color: currentColor;
  padding: 4px 0 5px;
  border: 0;
  box-sizing: content-box;
  background: none;
  height: 1.4375em;
  margin: 0;
  -webkit-tap-highlight-color: transparent;
  display: block;
  min-width: 0;
  width: 100%;
  -webkit-animation-name: mui-auto-fill-cancel;
  animation-name: mui-auto-fill-cancel;
  -webkit-animation-duration: 10ms;
  animation-duration: 10ms;
}

.emotion-12:focus {
  border-radius: 0;
}

.emotion-12.Mui-disabled {
  cursor: default;
}

.emotion-12[multiple] {
  height: auto;
}

.emotion-12:not([multiple]) option,
.emotion-12:not([multiple]) optgroup {
  background-color: #fff;
}

.emotion-12.emotion-12.emotion-12 {
  padding-right: 24px;
  min-width: 16px;
}

.emotion-12.MuiSelect-select {
  height: auto;
  min-height: 1.4375em;
  text-overflow: ellipsis;
  white-space: nowrap;
  overflow: hidden;
}

.emotion-12::-webkit-input-placeholder {
  color: currentColor;
  opacity: 0.42;
  -webkit-transition: opacity 200ms cubic-bezier(0.4, 0, 0.2, 1) 0ms;
  transition: opacity 200ms cubic-bezier(0.4, 0, 0.2, 1) 0ms;
}

.emotion-12::-moz-placeholder {
  color: currentColor;
  opacity: 0.42;
  -webkit-transition: opacity 200ms cubic-bezier(0.4, 0, 0.2, 1) 0ms;
  transition: opacity 200ms cubic-bezier(0.4, 0, 0.2, 1) 0ms;
}

.emotion-12::-ms-input-placeholder {
  color: currentColor;
  opacity: 0.42;
  -webkit-transition: opacity 200ms cubic-bezier(0.4, 0, 0.2, 1) 0ms;
  transition: opacity 200ms cubic-bezier(0.4, 0, 0.2, 1) 0ms;
}

.emotion-12:focus {
  outline: 0;
}

.emotion-12:invalid {
  box-shadow: none;
}

.emotion-12::-webkit-search-decoration {
  -webkit-appearance: none;
}

label[data-shrink=false]+.MuiInputBase-formControl .emotion-12::-webkit-input-placeholder {
  opacity: 0!important;
}

label[data-shrink=false]+.MuiInputBase-formControl .emotion-12::-moz-placeholder {
  opacity: 0!important;
}

label[data-shrink=false]+.MuiInputBase-formControl .emotion-12::-ms-input-placeholder {
  opacity: 0!important;
}

label[data-shrink=false]+.MuiInputBase-formControl .emotion-12:focus::-webkit-input-placeholder {
  opacity: 0.42;
}

label[data-shrink=false]+.MuiInputBase-formControl .emotion-12:focus::-moz-placeholder {
  opacity: 0.42;
}

label[data-shrink=false]+.MuiInputBase-formControl .emotion-12:focus::-ms-input-placeholder {
  opacity: 0.42;
}

.emotion-12.Mui-disabled {
  opacity: 1;
  -webkit-text-fill-color: rgba(0, 0, 0, 0.38);
}

.emotion-12:-webkit-autofill {
  -webkit-animation-duration: 5000s;
  animation-duration: 5000s;
  -webkit-animation-name: mui-auto-fill;
  animation-name: mui-auto-fill;
}

.emotion-13 {
  bottom: 0;
  left: 0;
  position: absolute;
  opacity: 0;
  pointer-events: none;
  width: 100%;
  box-sizing: border-box;
}

.emotion-14 {
  -webkit-user-select: none;
  -moz-user-select: none;
  -ms-user-select: none;
  user-select: none;
  width: 1em;
  height: 1em;
  display: inline-block;
  -webkit-flex-shrink: 0;
  -ms-flex-negative: 0;
  flex-shrink: 0;
  -webkit-transition: fill 200ms cubic-bezier(0.4, 0, 0.2, 1) 0ms;
  transition: fill 200ms cubic-bezier(0.4, 0, 0.2, 1) 0ms;
  fill: currentColor;
  font-size: 1.3929rem;
  position: absolute;
  right: 0;
  top: calc(50% - .5em);
  pointer-events: none;
  color: rgba(0, 0, 0, 0.54);
}

.emotion-14 iconButton {
  margin-right: 8px;
}

.emotion-14.Mui-disabled {
  color: rgba(0, 0, 0, 0.26);
}

.emotion-15 {
  display: -webkit-inline-box;
  display: -webkit-inline-flex;
  display: -ms-inline-flexbox;
  display: inline-flex;
  -webkit-flex-direction: column;
  -ms-flex-direction: column;
  flex-direction: column;
  position: relative;
  min-width: 0;
  padding: 0;
  margin: 0;
  border: 0;
  vertical-align: top;
  margin-top: 18px;
  min-width: 240px;
}

.emotion-17 {
  line-height: 1.4375em;
  font-family: Lato,sans-serif;
  font-weight: 400;
  font-size: 0.9286rem;
  color: rgba(10, 10, 11, 0.78);
  box-sizing: border-box;
  position: relative;
  cursor: text;
  display: -webkit-inline-box;
  display: -webkit-inline-flex;
  display: -ms-inline-flexbox;
  display: inline-flex;
  -webkit-align-items: center;
  -webkit-box-align: center;
  -ms-flex-align: center;
  align-items: center;
  position: relative;
}

.emotion-17.Mui-disabled {
  color: rgba(0, 0, 0, 0.38);
  cursor: default;
}

label+.emotion-17 {
  margin-top: 16px;
}

.emotion-17::after {
  left: 0;
  bottom: 0;
  content: "";
  position: absolute;
  right: 0;
  -webkit-transform: scaleX(0);
  -moz-transform: scaleX(0);
  -ms-transform: scaleX(0);
  transform: scaleX(0);
  -webkit-transition: -webkit-transform 200ms cubic-bezier(0.0, 0, 0.2, 1) 0ms;
  transition: transform 200ms cubic-bezier(0.0, 0, 0.2, 1) 0ms;
  pointer-events: none;
}

.emotion-17.Mui-focused:after {
  -webkit-transform: scaleX(1) translateX(0);
  -moz-transform: scaleX(1) translateX(0);
  -ms-transform: scaleX(1) translateX(0);
  transform: scaleX(1) translateX(0);
}

.emotion-17.Mui-error::before,
.emotion-17.Mui-error::after {
  border-bottom-color: #ab1000;
}

.emotion-17::before {
  border-bottom: 1px solid rgba(0, 0, 0, 0.42);
  left: 0;
  bottom: 0;
  content: "\\00a0";
  position: absolute;
  right: 0;
  -webkit-transition: border-bottom-color 200ms cubic-bezier(0.4, 0, 0.2, 1) 0ms;
  transition: border-bottom-color 200ms cubic-bezier(0.4, 0, 0.2, 1) 0ms;
  pointer-events: none;
}

.emotion-17:hover:not(.Mui-disabled, .Mui-error):before {
  border-bottom: 2px solid rgba(10, 10, 11, 0.78);
}

@media (hover: none) {
  .emotion-17:hover:not(.Mui-disabled, .Mui-error):before {
    border-bottom: 1px solid rgba(0, 0, 0, 0.42);
  }
}

.emotion-17.Mui-disabled:before {
  border-bottom-style: dotted;
}

.emotion-17::after {
  border-bottom: 2px solid #337a87;
}

.emotion-17:before {
  border-bottom: 1px solid rgb(224, 224, 224);
}

.emotion-17:hover:not($disabled):before {
  border-bottom: 2px solid #337a87!important;
}

.emotion-17:after {
  border-bottom: 2px solid #337a87;
}

.emotion-19 {
  max-width: 100%;
  font-family: Lato,sans-serif;
  font-size: 0.7545rem;
  display: -webkit-inline-box;
  display: -webkit-inline-flex;
  display: -ms-inline-flexbox;
  display: inline-flex;
  -webkit-align-items: center;
  -webkit-box-align: center;
  -ms-flex-align: center;
  align-items: center;
  -webkit-box-pack: center;
  -ms-flex-pack: center;
  -webkit-justify-content: center;
  justify-content: center;
  height: 32px;
  color: rgba(10, 10, 11, 0.78);
  background-color: rgba(0, 0, 0, 0.08);
  border-radius: 16px;
  white-space: nowrap;
  -webkit-transition: background-color 300ms cubic-bezier(0.4, 0, 0.2, 1) 0ms,box-shadow 300ms cubic-bezier(0.4, 0, 0.2, 1) 0ms;
  transition: background-color 300ms cubic-bezier(0.4, 0, 0.2, 1) 0ms,box-shadow 300ms cubic-bezier(0.4, 0, 0.2, 1) 0ms;
  cursor: unset;
  outline: 0;
  -webkit-text-decoration: none;
  text-decoration: none;
  border: 0;
  padding: 0;
  vertical-align: middle;
  box-sizing: border-box;
  background-color: #f7fafb;
  color: rgba(0, 0, 0, 0.38);
  text-transform: uppercase;
  background-color: #f7fafb;
  color: rgba(0, 0, 0, 0.38);
  text-transform: uppercase;
}

.emotion-19.Mui-disabled {
  opacity: 0.38;
  pointer-events: none;
}

.emotion-19 .MuiChip-avatar {
  margin-left: 5px;
  margin-right: -6px;
  width: 24px;
  height: 24px;
  color: #bcbcbc;
  font-size: 0.6964rem;
}

.emotion-19 .MuiChip-avatarColorPrimary {
  color: #fff;
  background-color: rgb(35, 85, 94);
}

.emotion-19 .MuiChip-avatarColorSecondary {
  color: #fff;
  background-color: rgb(65, 10, 46);
}

.emotion-19 .MuiChip-avatarSmall {
  margin-left: 4px;
  margin-right: -4px;
  width: 18px;
  height: 18px;
  font-size: 0.5804rem;
}

.emotion-19 .MuiChip-icon {
  margin-left: 5px;
  margin-right: -6px;
}

.emotion-19 .MuiChip-deleteIcon {
  -webkit-tap-highlight-color: transparent;
  color: rgba(10, 10, 11, 0.26);
  font-size: 22px;
  cursor: pointer;
  margin: 0 5px 0 -6px;
}

.emotion-19 .MuiChip-deleteIcon:hover {
  color: rgba(10, 10, 11, 0.4);
}

.emotion-19 .MuiChip-icon {
  color: #bcbcbc;
}

.emotion-19:hover {
  font-weight: bold;
}

.emotion-19:hover {
  font-weight: bold;
}

.emotion-20 {
  overflow: hidden;
  text-overflow: ellipsis;
  padding-left: 12px;
  padding-right: 12px;
  white-space: nowrap;
}

<div
  class="MuiCollapse-root MuiCollapse-vertical filter-wrapper MuiCollapse-entered emotion-0"
  style="min-height: 0px;"
>
  <div
    class="MuiCollapse-wrapper MuiCollapse-vertical emotion-1"
  >
    <div
      class="MuiCollapse-wrapperInner MuiCollapse-vertical emotion-2"
    >
      <div
        class="flexbox"
      >
        <div
          class="margin-right"
          style="margin-top: 25px;"
        >
          Devices matching:
        </div>
        <div>
          <div
            class="filter-list"
          />
          <div
            class="flexbox center-aligned relative"
          >
            <div
              class="MuiAutocomplete-root MuiAutocomplete-hasClearIcon emotion-3"
            >
              <div
                class="MuiFormControl-root MuiFormControl-fullWidth MuiTextField-root emotion-4"
                style="margin-top: 0px; margin-bottom: 15px;"
              >
                <label
                  class="MuiFormLabel-root MuiInputLabel-root MuiInputLabel-formControl MuiInputLabel-animated MuiInputLabel-sizeMedium MuiInputLabel-standard MuiFormLabel-colorPrimary MuiInputLabel-root MuiInputLabel-formControl MuiInputLabel-animated MuiInputLabel-sizeMedium MuiInputLabel-standard emotion-5"
                  data-shrink="false"
                  for="filter-selection"
                  id="filter-selection-label"
                >
                  Attribute
                </label>
                <div
                  class="MuiInputBase-root MuiInput-root MuiInput-underline MuiInputBase-colorPrimary MuiInputBase-fullWidth MuiInputBase-formControl MuiInputBase-adornedEnd MuiAutocomplete-inputRoot emotion-6"
                >
                  <input
                    aria-autocomplete="both"
                    aria-expanded="false"
                    aria-invalid="false"
                    autocapitalize="none"
                    autocomplete="off"
                    class="MuiInputBase-input MuiInput-input MuiInputBase-inputAdornedEnd MuiAutocomplete-input MuiAutocomplete-inputFocused emotion-7"
                    id="filter-selection"
                    role="combobox"
                    spellcheck="false"
                    type="text"
                    value=""
                  />
                  <div
                    class="MuiAutocomplete-endAdornment emotion-8"
                  >
                    <button
                      aria-label="Clear"
                      class="MuiButtonBase-root MuiIconButton-root MuiIconButton-sizeMedium MuiAutocomplete-clearIndicator emotion-9"
                      tabindex="-1"
                      title="Clear"
                      type="button"
                    >
                      <svg
                        aria-hidden="true"
                        class="MuiSvgIcon-root MuiSvgIcon-fontSizeSmall emotion-10"
                        data-testid="CloseIcon"
                        focusable="false"
                        viewBox="0 0 24 24"
                      >
                        <path
                          d="M19 6.41L17.59 5 12 10.59 6.41 5 5 6.41 10.59 12 5 17.59 6.41 19 12 13.41 17.59 19 19 17.59 13.41 12z"
                        />
                      </svg>
                    </button>
                  </div>
                </div>
              </div>
            </div>
            <div
              class="MuiInputBase-root MuiInput-root MuiInput-underline MuiInputBase-colorPrimary margin-left-small margin-right-small emotion-11"
            >
              <div
                aria-controls=":r2:"
                aria-expanded="false"
                aria-haspopup="listbox"
                class="MuiSelect-select MuiSelect-standard MuiInputBase-input MuiInput-input emotion-12"
                role="combobox"
                tabindex="0"
              >
                equals
              </div>
              <input
                aria-hidden="true"
                aria-invalid="false"
                class="MuiSelect-nativeInput emotion-13"
                tabindex="-1"
                value="$eq"
              />
              <svg
                aria-hidden="true"
                class="MuiSvgIcon-root MuiSvgIcon-fontSizeMedium MuiSelect-icon MuiSelect-iconStandard emotion-14"
                data-testid="ArrowDropDownIcon"
                focusable="false"
                viewBox="0 0 24 24"
              >
                <path
                  d="M7 10l5 5 5-5z"
                />
              </svg>
            </div>
            <div
              class="MuiFormControl-root MuiTextField-root emotion-15"
              style="margin-top: 0px; margin-bottom: 15px;"
            >
              <label
                class="MuiFormLabel-root MuiInputLabel-root MuiInputLabel-formControl MuiInputLabel-animated MuiInputLabel-sizeMedium MuiInputLabel-standard MuiFormLabel-colorPrimary MuiInputLabel-root MuiInputLabel-formControl MuiInputLabel-animated MuiInputLabel-sizeMedium MuiInputLabel-standard emotion-5"
                data-shrink="false"
                for=":r3:"
                id=":r3:-label"
              >
                Value
              </label>
              <div
                class="MuiInputBase-root MuiInput-root MuiInput-underline MuiInputBase-colorPrimary MuiInputBase-formControl emotion-17"
              >
                <input
                  aria-invalid="false"
                  class="MuiInputBase-input MuiInput-input emotion-7"
                  id=":r3:"
                  type="text"
                  value=""
                />
              </div>
            </div>
          </div>
          <div
            class=""
            data-mui-internal-clone-element="true"
          >
            <div
              class="MuiChip-root MuiChip-filled MuiChip-sizeMedium MuiChip-colorDefault MuiChip-filledDefault emotion-19"
            >
              <span
                class="MuiChip-label MuiChip-labelMedium emotion-20"
              >
                Professional
              </span>
            </div>
          </div>
        </div>
      </div>
    </div>
  </div>
</div>
`;
