// Vitest Snapshot v1, https://vitest.dev/guide/snapshot.html

exports[`releases addTags Component > renders correctly 1`] = `
<div
  aria-hidden="true"
/>
`;
