// Vitest Snapshot v1, https://vitest.dev/guide/snapshot.html

exports[`Login Component > renders correctly 1`] = `
.emotion-0 {
  display: -webkit-inline-box;
  display: -webkit-inline-flex;
  display: -ms-inline-flexbox;
  display: inline-flex;
  -webkit-flex-direction: column;
  -ms-flex-direction: column;
  flex-direction: column;
  position: relative;
  min-width: 0;
  padding: 0;
  margin: 0;
  border: 0;
  vertical-align: top;
  min-width: 240px;
}

.emotion-1 {
  color: rgba(0, 0, 0, 0.54);
  line-height: 1.4375em;
  font-family: Lato,sans-serif;
  font-weight: 400;
  font-size: 0.9286rem;
  padding: 0;
  position: relative;
  color: rgba(0, 0, 0, 0.54);
  display: block;
  transform-origin: top left;
  white-space: nowrap;
  overflow: hidden;
  text-overflow: ellipsis;
  max-width: 100%;
  position: absolute;
  left: 0;
  top: 0;
  -webkit-transform: translate(0, 20px) scale(1);
  -moz-transform: translate(0, 20px) scale(1);
  -ms-transform: translate(0, 20px) scale(1);
  transform: translate(0, 20px) scale(1);
  -webkit-transition: color 200ms cubic-bezier(0.0, 0, 0.2, 1) 0ms,-webkit-transform 200ms cubic-bezier(0.0, 0, 0.2, 1) 0ms,max-width 200ms cubic-bezier(0.0, 0, 0.2, 1) 0ms;
  transition: color 200ms cubic-bezier(0.0, 0, 0.2, 1) 0ms,transform 200ms cubic-bezier(0.0, 0, 0.2, 1) 0ms,max-width 200ms cubic-bezier(0.0, 0, 0.2, 1) 0ms;
  z-index: 1;
  pointer-events: none;
  -webkit-transform: translate(14px, 16px) scale(1);
  -moz-transform: translate(14px, 16px) scale(1);
  -ms-transform: translate(14px, 16px) scale(1);
  transform: translate(14px, 16px) scale(1);
  max-width: calc(100% - 24px);
}

.emotion-1.Mui-focused {
  color: #337a87;
}

.emotion-1.Mui-disabled {
  color: rgba(0, 0, 0, 0.38);
}

.emotion-1.Mui-error {
  color: #ab1000;
}

.emotion-1.Mui-focused {
  color: #337a87;
}

.emotion-2 {
  line-height: 1.4375em;
  font-family: Lato,sans-serif;
  font-weight: 400;
  font-size: 0.9286rem;
  color: rgba(10, 10, 11, 0.78);
  box-sizing: border-box;
  position: relative;
  cursor: text;
  display: -webkit-inline-box;
  display: -webkit-inline-flex;
  display: -ms-inline-flexbox;
  display: inline-flex;
  -webkit-align-items: center;
  -webkit-box-align: center;
  -ms-flex-align: center;
  align-items: center;
  position: relative;
  border-radius: 4px;
}

.emotion-2.Mui-disabled {
  color: rgba(0, 0, 0, 0.38);
  cursor: default;
}

.emotion-2:hover .MuiOutlinedInput-notchedOutline {
  border-color: rgba(10, 10, 11, 0.78);
}

@media (hover: none) {
  .emotion-2:hover .MuiOutlinedInput-notchedOutline {
    border-color: rgba(0, 0, 0, 0.23);
  }
}

.emotion-2.Mui-focused .MuiOutlinedInput-notchedOutline {
  border-width: 2px;
}

.emotion-2.Mui-focused .MuiOutlinedInput-notchedOutline {
  border-color: #337a87;
}

.emotion-2.Mui-error .MuiOutlinedInput-notchedOutline {
  border-color: #ab1000;
}

.emotion-2.Mui-disabled .MuiOutlinedInput-notchedOutline {
  border-color: rgba(0, 0, 0, 0.26);
}

.emotion-3 {
  font: inherit;
  letter-spacing: inherit;
  color: currentColor;
  padding: 4px 0 5px;
  border: 0;
  box-sizing: content-box;
  background: none;
  height: 1.4375em;
  margin: 0;
  -webkit-tap-highlight-color: transparent;
  display: block;
  min-width: 0;
  width: 100%;
  -webkit-animation-name: mui-auto-fill-cancel;
  animation-name: mui-auto-fill-cancel;
  -webkit-animation-duration: 10ms;
  animation-duration: 10ms;
  padding: 16.5px 14px;
}

.emotion-3::-webkit-input-placeholder {
  color: currentColor;
  opacity: 0.42;
  -webkit-transition: opacity 200ms cubic-bezier(0.4, 0, 0.2, 1) 0ms;
  transition: opacity 200ms cubic-bezier(0.4, 0, 0.2, 1) 0ms;
}

.emotion-3::-moz-placeholder {
  color: currentColor;
  opacity: 0.42;
  -webkit-transition: opacity 200ms cubic-bezier(0.4, 0, 0.2, 1) 0ms;
  transition: opacity 200ms cubic-bezier(0.4, 0, 0.2, 1) 0ms;
}

.emotion-3::-ms-input-placeholder {
  color: currentColor;
  opacity: 0.42;
  -webkit-transition: opacity 200ms cubic-bezier(0.4, 0, 0.2, 1) 0ms;
  transition: opacity 200ms cubic-bezier(0.4, 0, 0.2, 1) 0ms;
}

.emotion-3:focus {
  outline: 0;
}

.emotion-3:invalid {
  box-shadow: none;
}

.emotion-3::-webkit-search-decoration {
  -webkit-appearance: none;
}

label[data-shrink=false]+.MuiInputBase-formControl .emotion-3::-webkit-input-placeholder {
  opacity: 0!important;
}

label[data-shrink=false]+.MuiInputBase-formControl .emotion-3::-moz-placeholder {
  opacity: 0!important;
}

label[data-shrink=false]+.MuiInputBase-formControl .emotion-3::-ms-input-placeholder {
  opacity: 0!important;
}

label[data-shrink=false]+.MuiInputBase-formControl .emotion-3:focus::-webkit-input-placeholder {
  opacity: 0.42;
}

label[data-shrink=false]+.MuiInputBase-formControl .emotion-3:focus::-moz-placeholder {
  opacity: 0.42;
}

label[data-shrink=false]+.MuiInputBase-formControl .emotion-3:focus::-ms-input-placeholder {
  opacity: 0.42;
}

.emotion-3.Mui-disabled {
  opacity: 1;
  -webkit-text-fill-color: rgba(0, 0, 0, 0.38);
}

.emotion-3:-webkit-autofill {
  -webkit-animation-duration: 5000s;
  animation-duration: 5000s;
  -webkit-animation-name: mui-auto-fill;
  animation-name: mui-auto-fill;
}

.emotion-3:-webkit-autofill {
  border-radius: inherit;
}

.emotion-4 {
  text-align: left;
  position: absolute;
  bottom: 0;
  right: 0;
  top: -5px;
  left: 0;
  margin: 0;
  padding: 0 8px;
  pointer-events: none;
  border-radius: inherit;
  border-style: solid;
  border-width: 1px;
  overflow: hidden;
  min-width: 0%;
  border-color: rgba(0, 0, 0, 0.23);
}

.emotion-5 {
  float: unset;
  width: auto;
  overflow: hidden;
  display: block;
  padding: 0;
  height: 11px;
  font-size: 0.75em;
  visibility: hidden;
  max-width: 0.01px;
  -webkit-transition: max-width 50ms cubic-bezier(0.0, 0, 0.2, 1) 0ms;
  transition: max-width 50ms cubic-bezier(0.0, 0, 0.2, 1) 0ms;
  white-space: nowrap;
}

.emotion-5>span {
  padding-left: 5px;
  padding-right: 5px;
  display: inline-block;
  opacity: 0;
  visibility: visible;
}

.emotion-6 {
  color: rgba(0, 0, 0, 0.54);
  font-family: Lato,sans-serif;
  font-weight: 400;
  font-size: 0.6964rem;
  line-height: 1.66;
  text-align: left;
  margin-top: 3px;
  margin-right: 0;
  margin-bottom: 0;
  margin-left: 0;
  margin-left: 14px;
  margin-right: 14px;
}

.emotion-6.Mui-disabled {
  color: rgba(0, 0, 0, 0.38);
}

.emotion-6.Mui-error {
  color: #ab1000;
}

.emotion-14 {
  line-height: 1.4375em;
  font-family: Lato,sans-serif;
  font-weight: 400;
  font-size: 0.9286rem;
  color: rgba(10, 10, 11, 0.78);
  box-sizing: border-box;
  position: relative;
  cursor: text;
  display: -webkit-inline-box;
  display: -webkit-inline-flex;
  display: -ms-inline-flexbox;
  display: inline-flex;
  -webkit-align-items: center;
  -webkit-box-align: center;
  -ms-flex-align: center;
  align-items: center;
  position: relative;
  border-radius: 4px;
}

.emotion-14.Mui-disabled {
  color: rgba(0, 0, 0, 0.38);
  cursor: default;
}

.emotion-14:hover .MuiOutlinedInput-notchedOutline {
  border-color: rgba(10, 10, 11, 0.78);
}

@media (hover: none) {
  .emotion-14:hover .MuiOutlinedInput-notchedOutline {
    border-color: rgba(0, 0, 0, 0.23);
  }
}

.emotion-14.Mui-focused .MuiOutlinedInput-notchedOutline {
  border-width: 2px;
}

.emotion-14.Mui-focused .MuiOutlinedInput-notchedOutline {
  border-color: #337a87;
}

.emotion-14.Mui-error .MuiOutlinedInput-notchedOutline {
  border-color: #ab1000;
}

.emotion-14.Mui-disabled .MuiOutlinedInput-notchedOutline {
  border-color: rgba(0, 0, 0, 0.26);
}

.emotion-15 {
  -moz-appearance: none;
  -webkit-appearance: none;
  -webkit-user-select: none;
  -moz-user-select: none;
  -ms-user-select: none;
  user-select: none;
  border-radius: 0;
  cursor: pointer;
  border-radius: 4px;
  font: inherit;
  letter-spacing: inherit;
  color: currentColor;
  padding: 4px 0 5px;
  border: 0;
  box-sizing: content-box;
  background: none;
  height: 1.4375em;
  margin: 0;
  -webkit-tap-highlight-color: transparent;
  display: block;
  min-width: 0;
  width: 100%;
  -webkit-animation-name: mui-auto-fill-cancel;
  animation-name: mui-auto-fill-cancel;
  -webkit-animation-duration: 10ms;
  animation-duration: 10ms;
  padding: 16.5px 14px;
}

.emotion-15:focus {
  border-radius: 0;
}

.emotion-15.Mui-disabled {
  cursor: default;
}

.emotion-15[multiple] {
  height: auto;
}

.emotion-15:not([multiple]) option,
.emotion-15:not([multiple]) optgroup {
  background-color: #fff;
}

.emotion-15:focus {
  border-radius: 4px;
}

.emotion-15.emotion-15.emotion-15 {
  padding-right: 32px;
}

.emotion-15.MuiSelect-select {
  height: auto;
  min-height: 1.4375em;
  text-overflow: ellipsis;
  white-space: nowrap;
  overflow: hidden;
}

.emotion-15::-webkit-input-placeholder {
  color: currentColor;
  opacity: 0.42;
  -webkit-transition: opacity 200ms cubic-bezier(0.4, 0, 0.2, 1) 0ms;
  transition: opacity 200ms cubic-bezier(0.4, 0, 0.2, 1) 0ms;
}

.emotion-15::-moz-placeholder {
  color: currentColor;
  opacity: 0.42;
  -webkit-transition: opacity 200ms cubic-bezier(0.4, 0, 0.2, 1) 0ms;
  transition: opacity 200ms cubic-bezier(0.4, 0, 0.2, 1) 0ms;
}

.emotion-15::-ms-input-placeholder {
  color: currentColor;
  opacity: 0.42;
  -webkit-transition: opacity 200ms cubic-bezier(0.4, 0, 0.2, 1) 0ms;
  transition: opacity 200ms cubic-bezier(0.4, 0, 0.2, 1) 0ms;
}

.emotion-15:focus {
  outline: 0;
}

.emotion-15:invalid {
  box-shadow: none;
}

.emotion-15::-webkit-search-decoration {
  -webkit-appearance: none;
}

label[data-shrink=false]+.MuiInputBase-formControl .emotion-15::-webkit-input-placeholder {
  opacity: 0!important;
}

label[data-shrink=false]+.MuiInputBase-formControl .emotion-15::-moz-placeholder {
  opacity: 0!important;
}

label[data-shrink=false]+.MuiInputBase-formControl .emotion-15::-ms-input-placeholder {
  opacity: 0!important;
}

label[data-shrink=false]+.MuiInputBase-formControl .emotion-15:focus::-webkit-input-placeholder {
  opacity: 0.42;
}

label[data-shrink=false]+.MuiInputBase-formControl .emotion-15:focus::-moz-placeholder {
  opacity: 0.42;
}

label[data-shrink=false]+.MuiInputBase-formControl .emotion-15:focus::-ms-input-placeholder {
  opacity: 0.42;
}

.emotion-15.Mui-disabled {
  opacity: 1;
  -webkit-text-fill-color: rgba(0, 0, 0, 0.38);
}

.emotion-15:-webkit-autofill {
  -webkit-animation-duration: 5000s;
  animation-duration: 5000s;
  -webkit-animation-name: mui-auto-fill;
  animation-name: mui-auto-fill;
}

.emotion-15:-webkit-autofill {
  border-radius: inherit;
}

.emotion-16 {
  bottom: 0;
  left: 0;
  position: absolute;
  opacity: 0;
  pointer-events: none;
  width: 100%;
  box-sizing: border-box;
}

.emotion-17 {
  -webkit-user-select: none;
  -moz-user-select: none;
  -ms-user-select: none;
  user-select: none;
  width: 1em;
  height: 1em;
  display: inline-block;
  -webkit-flex-shrink: 0;
  -ms-flex-negative: 0;
  flex-shrink: 0;
  -webkit-transition: fill 200ms cubic-bezier(0.4, 0, 0.2, 1) 0ms;
  transition: fill 200ms cubic-bezier(0.4, 0, 0.2, 1) 0ms;
  fill: currentColor;
  font-size: 1.3929rem;
  position: absolute;
  right: 0;
  top: calc(50% - .5em);
  pointer-events: none;
  color: rgba(0, 0, 0, 0.54);
  right: 7px;
}

.emotion-17 iconButton {
  margin-right: 8px;
}

.emotion-17.Mui-disabled {
  color: rgba(0, 0, 0, 0.26);
}

.emotion-19 {
  float: unset;
  width: auto;
  overflow: hidden;
  padding: 0;
  line-height: 11px;
  -webkit-transition: width 150ms cubic-bezier(0.0, 0, 0.2, 1) 0ms;
  transition: width 150ms cubic-bezier(0.0, 0, 0.2, 1) 0ms;
}

.emotion-20 {
  display: -webkit-inline-box;
  display: -webkit-inline-flex;
  display: -ms-inline-flexbox;
  display: inline-flex;
  -webkit-align-items: center;
  -webkit-box-align: center;
  -ms-flex-align: center;
  align-items: center;
  cursor: pointer;
  vertical-align: middle;
  -webkit-tap-highlight-color: transparent;
  margin-left: -11px;
  margin-right: 16px;
  margin-top: 18px;
}

.emotion-20.Mui-disabled {
  cursor: default;
}

.emotion-20 .MuiFormControlLabel-label.Mui-disabled {
  color: rgba(0, 0, 0, 0.38);
}

.emotion-21 {
  display: -webkit-inline-box;
  display: -webkit-inline-flex;
  display: -ms-inline-flexbox;
  display: inline-flex;
  -webkit-align-items: center;
  -webkit-box-align: center;
  -ms-flex-align: center;
  align-items: center;
  -webkit-box-pack: center;
  -ms-flex-pack: center;
  -webkit-justify-content: center;
  justify-content: center;
  position: relative;
  box-sizing: border-box;
  -webkit-tap-highlight-color: transparent;
  background-color: transparent;
  outline: 0;
  border: 0;
  margin: 0;
  border-radius: 0;
  padding: 0;
  cursor: pointer;
  -webkit-user-select: none;
  -moz-user-select: none;
  -ms-user-select: none;
  user-select: none;
  vertical-align: middle;
  -moz-appearance: none;
  -webkit-appearance: none;
  -webkit-text-decoration: none;
  text-decoration: none;
  color: inherit;
  padding: 9px;
  border-radius: 50%;
  color: rgba(0, 0, 0, 0.54);
  color: rgba(10, 10, 11, 0.78);
}

.emotion-21::-moz-focus-inner {
  border-style: none;
}

.emotion-21.Mui-disabled {
  pointer-events: none;
  cursor: default;
}

@media print {
  .emotion-21 {
    -webkit-print-color-adjust: exact;
    color-adjust: exact;
  }
}

.emotion-21:hover {
  background-color: rgba(51, 122, 135, 0.04);
}

.emotion-21.Mui-checked,
.emotion-21.MuiCheckbox-indeterminate {
  color: #337a87;
}

.emotion-21.Mui-disabled {
  color: rgba(0, 0, 0, 0.26);
}

@media (hover: none) {
  .emotion-21:hover {
    background-color: transparent;
  }
}

.emotion-22 {
  cursor: inherit;
  position: absolute;
  opacity: 0;
  width: 100%;
  height: 100%;
  top: 0;
  left: 0;
  margin: 0;
  padding: 0;
  z-index: 1;
}

.emotion-23 {
  -webkit-user-select: none;
  -moz-user-select: none;
  -ms-user-select: none;
  user-select: none;
  width: 1em;
  height: 1em;
  display: inline-block;
  -webkit-flex-shrink: 0;
  -ms-flex-negative: 0;
  flex-shrink: 0;
  -webkit-transition: fill 200ms cubic-bezier(0.4, 0, 0.2, 1) 0ms;
  transition: fill 200ms cubic-bezier(0.4, 0, 0.2, 1) 0ms;
  fill: currentColor;
  font-size: 1.3929rem;
}

.emotion-23 iconButton {
  margin-right: 8px;
}

.emotion-24 {
  margin: 0;
  line-height: 1.5;
  font-family: Lato,sans-serif;
  font-weight: 400;
  font-size: 0.9286rem;
}

<div>
  <div
    class="flexbox column centered test"
  >
    <h1>
      Setting up your Account
    </h1>
    <h2
      class="margin-bottom-large"
    >
      To finish creating your account,
      <br />
      please fill in a few details
    </h2>
    <div
      class="MuiFormControl-root required emotion-0"
      style="width: 400px;"
    >
      <label
        class="MuiFormLabel-root MuiInputLabel-root MuiInputLabel-formControl MuiInputLabel-animated MuiInputLabel-sizeMedium MuiInputLabel-outlined MuiFormLabel-colorPrimary MuiInputLabel-root MuiInputLabel-formControl MuiInputLabel-animated MuiInputLabel-sizeMedium MuiInputLabel-outlined emotion-1"
        data-shrink="false"
        for="name"
      >
        Company or organization name *
      </label>
      <div
        class="MuiInputBase-root MuiOutlinedInput-root MuiInputBase-colorPrimary MuiInputBase-formControl emotion-2"
      >
        <input
          aria-invalid="false"
          class="MuiInputBase-input MuiOutlinedInput-input emotion-3"
          id="name"
          name="name"
          placeholder="Company or organization name *"
          type="text"
          value=""
        />
        <fieldset
          aria-hidden="true"
          class="MuiOutlinedInput-notchedOutline emotion-4"
        >
          <legend
            class="emotion-5"
          >
            <span>
              Company or organization name *
            </span>
          </legend>
        </fieldset>
      </div>
      <p
        class="MuiFormHelperText-root MuiFormHelperText-sizeMedium MuiFormHelperText-contained emotion-6"
      />
    </div>
    <div
      class="MuiFormControl-root required emotion-0"
      style="width: 400px;"
    >
      <label
        class="MuiFormLabel-root MuiInputLabel-root MuiInputLabel-formControl MuiInputLabel-animated MuiInputLabel-sizeMedium MuiInputLabel-outlined MuiFormLabel-colorPrimary MuiInputLabel-root MuiInputLabel-formControl MuiInputLabel-animated MuiInputLabel-sizeMedium MuiInputLabel-outlined emotion-1"
        data-shrink="false"
        for="email"
      >
        Email *
      </label>
      <div
        class="MuiInputBase-root MuiOutlinedInput-root MuiInputBase-colorPrimary MuiInputBase-formControl emotion-2"
      >
        <input
          aria-invalid="false"
          class="MuiInputBase-input MuiOutlinedInput-input emotion-3"
          id="email"
          name="email"
          placeholder="Email *"
          type="text"
          value=""
        />
        <fieldset
          aria-hidden="true"
          class="MuiOutlinedInput-notchedOutline emotion-4"
        >
          <legend
            class="emotion-5"
          >
            <span>
              Email *
            </span>
          </legend>
        </fieldset>
      </div>
      <p
        class="MuiFormHelperText-root MuiFormHelperText-sizeMedium MuiFormHelperText-contained emotion-6"
      />
    </div>
    <div>
      <div
        class="flexbox center-aligned slightly-smaller margin-bottom-x-small"
      >
        <p
          class="margin-bottom-none margin-top-none muted"
          style="margin-right: 4px;"
        >
          Choose a hosting region for your account.
        </p>
        <a
          class=""
          href="https://docs.mender.io/general/hosted-mender-regions"
          rel=""
          target="_blank"
        >
          Learn more
        </a>
      </div>
      <div
        class="MuiInputBase-root MuiOutlinedInput-root MuiInputBase-colorPrimary MuiSelect-root emotion-14"
      >
        <div
          aria-expanded="false"
          aria-haspopup="listbox"
          class="MuiSelect-select MuiSelect-outlined MuiInputBase-input MuiOutlinedInput-input emotion-15"
          role="combobox"
          tabindex="0"
        >
          <span
            aria-hidden="true"
            class="notranslate"
          >
            ​
          </span>
        </div>
        <input
          aria-hidden="true"
          aria-invalid="false"
          class="MuiSelect-nativeInput emotion-16"
          tabindex="-1"
          value=""
        />
        <svg
          aria-hidden="true"
          class="MuiSvgIcon-root MuiSvgIcon-fontSizeMedium MuiSelect-icon MuiSelect-iconOutlined emotion-17"
          data-testid="ArrowDropDownIcon"
          focusable="false"
          viewBox="0 0 24 24"
        >
          <path
            d="M7 10l5 5 5-5z"
          />
        </svg>
        <fieldset
          aria-hidden="true"
          class="MuiOutlinedInput-notchedOutline emotion-4"
        >
          <legend
            class="emotion-19"
          >
            <span
              aria-hidden="true"
              class="notranslate"
            >
              ​
            </span>
          </legend>
        </fieldset>
      </div>
    </div>
    <label
      class="MuiFormControlLabel-root MuiFormControlLabel-labelPlacementEnd emotion-20"
    >
      <span
        class="MuiButtonBase-root MuiCheckbox-root MuiCheckbox-colorPrimary MuiCheckbox-sizeMedium PrivateSwitchBase-root MuiCheckbox-root MuiCheckbox-colorPrimary MuiCheckbox-sizeMedium MuiCheckbox-root MuiCheckbox-colorPrimary MuiCheckbox-sizeMedium emotion-21"
      >
        <input
          class="PrivateSwitchBase-input emotion-22"
          data-indeterminate="false"
          name="tos"
          type="checkbox"
        />
        <svg
          aria-hidden="true"
          class="MuiSvgIcon-root MuiSvgIcon-fontSizeMedium emotion-23"
          data-testid="CheckBoxOutlineBlankIcon"
          focusable="false"
          viewBox="0 0 24 24"
        >
          <path
            d="M19 5v14H5V5h14m0-2H5c-1.1 0-2 .9-2 2v14c0 1.1.9 2 2 2h14c1.1 0 2-.9 2-2V5c0-1.1-.9-2-2-2z"
          />
        </svg>
      </span>
      <span
        class="MuiTypography-root MuiTypography-body1 MuiFormControlLabel-label emotion-24"
      >
        <label
          for="tos"
        >
          By checking this you agree to our 
          <a
            href="https://northern.tech/legal/hosted-mender-agreement-northern-tech-as.pdf"
            rel="noopener"
            target="_blank"
          >
            Terms of service
          </a>
           
          and 
          <a
            href="https://northern.tech/legal/privacy-policy"
            rel="noopener"
            target="_blank"
          >
            Privacy Policy
          </a>
           
          *
        </label>
      </span>
    </label>
    <label
      class="MuiFormControlLabel-root MuiFormControlLabel-labelPlacementEnd emotion-20"
    >
      <span
        class="MuiButtonBase-root MuiCheckbox-root MuiCheckbox-colorPrimary MuiCheckbox-sizeMedium PrivateSwitchBase-root MuiCheckbox-root MuiCheckbox-colorPrimary MuiCheckbox-sizeMedium MuiCheckbox-root MuiCheckbox-colorPrimary MuiCheckbox-sizeMedium emotion-21"
      >
        <input
          class="PrivateSwitchBase-input emotion-22"
          data-indeterminate="false"
          name="marketing"
          type="checkbox"
        />
        <svg
          aria-hidden="true"
          class="MuiSvgIcon-root MuiSvgIcon-fontSizeMedium emotion-23"
          data-testid="CheckBoxOutlineBlankIcon"
          focusable="false"
          viewBox="0 0 24 24"
        >
          <path
            d="M19 5v14H5V5h14m0-2H5c-1.1 0-2 .9-2 2v14c0 1.1.9 2 2 2h14c1.1 0 2-.9 2-2V5c0-1.1-.9-2-2-2z"
          />
        </svg>
      </span>
      <span
        class="MuiTypography-root MuiTypography-body1 MuiFormControlLabel-label emotion-24"
      >
        By checking this you agree that we can send you occasional email updates about Mender. You can unsubscribe from these emails at any time
      </span>
    </label>
    <div
      class="margin-top"
    >
      <input
        name="captcha"
        type="hidden"
      />
      <div />
    </div>
  </div>
</div>
`;
