// Jest Snapshot v1, https://goo.gl/fbAQLP

exports[`Authsets Component renders correctly 1`] = `undefined`;
