// Vitest Snapshot v1, https://vitest.dev/guide/snapshot.html

exports[`RedirectionWidget Component > renders correctly 1`] = `
<body>
  <div>
    <div
      class="widget flexbox centered"
    >
      <p
        class="muted"
        style="max-width: 200px;"
      >
        testlocation
      </p>
    </div>
  </div>
</body>
`;
