// Vitest Snapshot v1, https://vitest.dev/guide/snapshot.html

exports[`Billing Component > renders correctly 1`] = `
.emotion-0 {
  margin-top: 32px;
  padding: 16px;
  padding-bottom: 48px;
}

.emotion-0>h5 {
  margin-top: 0;
  margin-bottom: 0;
}

.emotion-1 {
  list-style: none;
  margin: 0;
  padding: 0;
  position: relative;
  padding-top: 8px;
  padding-bottom: 8px;
}

.emotion-2 {
  display: -webkit-box;
  display: -webkit-flex;
  display: -ms-flexbox;
  display: flex;
  -webkit-box-pack: start;
  -ms-flex-pack: start;
  -webkit-justify-content: flex-start;
  justify-content: flex-start;
  -webkit-align-items: center;
  -webkit-box-align: center;
  -ms-flex-align: center;
  align-items: center;
  position: relative;
  -webkit-text-decoration: none;
  text-decoration: none;
  width: 100%;
  box-sizing: border-box;
  text-align: left;
  padding-top: 8px;
  padding-bottom: 8px;
  padding-left: 16px;
  padding-right: 16px;
  -webkit-align-items: flex-start;
  -webkit-box-align: flex-start;
  -ms-flex-align: flex-start;
  align-items: flex-start;
  padding-top: 11px;
  padding-bottom: 11px;
}

.emotion-2.undefined {
  opacity: 1;
}

.emotion-2.active {
  background-color: #fff;
}

.emotion-2.leftNav.active {
  border-top: 1px solid #d4e9e7;
  border-bottom: 1px solid #d4e9e7;
}

.emotion-2.navLink,
.emotion-2.navLink .MuiListItemText-root {
  color: #969696;
}

.emotion-3 {
  -webkit-flex: 1 1 auto;
  -ms-flex: 1 1 auto;
  flex: 1 1 auto;
  min-width: 0;
  margin-top: 4px;
  margin-bottom: 4px;
  margin-top: 6px;
  margin-bottom: 6px;
  margin-top: 0;
  margin-bottom: 0;
  color: rgba(10, 10, 11, 0.78);
  display: grid;
  width: 100%;
  margin-bottom: 8px;
}

.MuiTypography-root:where(.emotion-3 .MuiListItemText-primary) {
  display: block;
}

.MuiTypography-root:where(.emotion-3 .MuiListItemText-secondary) {
  display: block;
}

.emotion-4 {
  margin: 0;
  line-height: 1.5;
  font-family: Lato,sans-serif;
  font-weight: 400;
  font-size: 0.9286rem;
}

.emotion-5 {
  margin: 0;
  font-family: Lato,sans-serif;
  font-weight: 400;
  font-size: 0.8125rem;
  line-height: 1.43;
  color: rgba(0, 0, 0, 0.54);
}

.emotion-6 {
  margin: 0;
  -webkit-flex-shrink: 0;
  -ms-flex-negative: 0;
  flex-shrink: 0;
  border-width: 0;
  border-style: solid;
  border-color: rgba(0, 0, 0, 0.12);
  border-bottom-width: thin;
  margin-bottom: 8px;
  margin-left: -16px;
  width: 500px;
}

.emotion-12 {
  -webkit-user-select: none;
  -moz-user-select: none;
  -ms-user-select: none;
  user-select: none;
  width: 1em;
  height: 1em;
  display: inline-block;
  -webkit-flex-shrink: 0;
  -ms-flex-negative: 0;
  flex-shrink: 0;
  -webkit-transition: fill 200ms cubic-bezier(0.4, 0, 0.2, 1) 0ms;
  transition: fill 200ms cubic-bezier(0.4, 0, 0.2, 1) 0ms;
  fill: currentColor;
  font-size: 1.1607rem;
}

.emotion-12 iconButton {
  margin-right: 8px;
}

.emotion-13 {
  background-color: #f7f7f7;
  padding: 16px;
}

.emotion-14 {
  color: rgba(0, 0, 0, 0.38);
  margin: 15px 0;
}

<body>
  <div>
    <div
      class="emotion-0"
    >
      <h5>
        Billing
      </h5>
      <ul
        class="MuiList-root MuiList-padding emotion-1"
      >
        <li
          class="margin-top-small org-settings-item"
        >
          <div
            class="MuiListItem-root flexbox column MuiListItem-gutters MuiListItem-padding MuiListItem-alignItemsFlexStart emotion-2"
          >
            <div
              class="MuiListItemText-root MuiListItemText-multiline emotion-3"
            >
              <span
                class="MuiTypography-root MuiTypography-body1 MuiListItemText-primary emotion-4"
              >
                Current plan
              </span>
              <div
                class="MuiTypography-root MuiTypography-body2 MuiListItemText-secondary two-columns emotion-5"
              >
                <div>
                  Basic
                </div>
                <a
                  class="align-right"
                  href="https://mender.io/plans/pricing"
                  rel="noopener noreferrer"
                  target="_blank"
                >
                  Compare product plans
                </a>
              </div>
            </div>
            <hr
              class="MuiDivider-root MuiDivider-fullWidth emotion-6"
            />
          </div>
        </li>
        <li
          class="margin-top-small org-settings-item"
        >
          <div
            class="MuiListItem-root flexbox column MuiListItem-gutters MuiListItem-padding MuiListItem-alignItemsFlexStart emotion-2"
          >
            <div
              class="MuiListItemText-root MuiListItemText-multiline emotion-3"
            >
              <span
                class="MuiTypography-root MuiTypography-body1 MuiListItemText-primary emotion-4"
              >
                Current add-ons
              </span>
              <div
                class="MuiTypography-root MuiTypography-body2 MuiListItemText-secondary two-columns emotion-5"
              >
                <div>
                  You currently don't have any add-ons
                </div>
                <a
                  class="align-right"
                >
                  Purchase an add-on
                </a>
              </div>
            </div>
            <hr
              class="MuiDivider-root MuiDivider-fullWidth emotion-6"
            />
          </div>
          <div
            class="margin-left-small margin-bottom"
          >
            <a
              class="flexbox center-aligned"
              href="https://mender.io/plans/pricing"
              rel="noopener"
              target="_blank"
            >
              <div
                style="max-width: 200px;"
              >
                Compare plans and add-ons at mender.io
              </div>
              <svg
                aria-hidden="true"
                class="MuiSvgIcon-root MuiSvgIcon-fontSizeSmall emotion-12"
                data-testid="OpenInNewIcon"
                focusable="false"
                viewBox="0 0 24 24"
              >
                <path
                  d="M19 19H5V5h7V3H5c-1.11 0-2 .9-2 2v14c0 1.1.89 2 2 2h14c1.1 0 2-.9 2-2v-7h-2zM14 3v2h3.59l-9.83 9.83 1.41 1.41L19 6.41V10h2V3z"
                />
              </svg>
            </a>
          </div>
        </li>
        <div
          class="emotion-13"
        >
          <div
            class="flexbox center-aligned"
          >
            <div
              class="padding-right-x-small"
            >
              <b>
                Billing details
              </b>
            </div>
          </div>
          <p
            class="emotion-14 "
          >
            Your account is not set up for automatic billing. If you believe this is a mistake, please contact
             
            <a
              href="mailto:support@mender.io"
              rel="noopener noreferrer"
              target="_blank"
            >
              support@mender.io
            </a>
          </p>
        </div>
      </ul>
      <p
        class="margin-left-small margin-right-small"
        style="max-width: 500px;"
      >
        <a
          href=""
        >
          Cancel subscription
           and deactivate account
        </a>
      </p>
    </div>
  </div>
</body>
`;
