// Jest Snapshot v1, https://goo.gl/fbAQLP

exports[`OrganizationSettingsItem Component renders correctly 1`] = `
.emotion-0 {
  display: -webkit-box;
  display: -webkit-flex;
  display: -ms-flexbox;
  display: flex;
  -webkit-box-pack: start;
  -ms-flex-pack: start;
  -webkit-justify-content: flex-start;
  justify-content: flex-start;
  -webkit-align-items: center;
  -webkit-box-align: center;
  -ms-flex-align: center;
  align-items: center;
  position: relative;
  -webkit-text-decoration: none;
  text-decoration: none;
  width: 100%;
  box-sizing: border-box;
  text-align: left;
  padding-top: 8px;
  padding-bottom: 8px;
  padding-left: 16px;
  padding-right: 16px;
  -webkit-align-items: flex-start;
  -webkit-box-align: flex-start;
  -ms-flex-align: flex-start;
  align-items: flex-start;
  padding-top: 11px;
  padding-bottom: 11px;
}

.emotion-0.undefined {
  opacity: 1;
}

.emotion-0.active {
  background-color: #fff;
}

.emotion-0.leftNav.active {
  border-top: 1px solid #d4e9e7;
  border-bottom: 1px solid #d4e9e7;
}

.emotion-0.navLink,
.emotion-0.navLink .MuiListItemText-root {
  color: #969696;
}

.emotion-1 {
  -webkit-flex: 1 1 auto;
  -ms-flex: 1 1 auto;
  flex: 1 1 auto;
  min-width: 0;
  margin-top: 4px;
  margin-bottom: 4px;
  margin-top: 6px;
  margin-bottom: 6px;
  margin-top: 0;
  margin-bottom: 0;
  color: rgba(10, 10, 11, 0.78);
  display: grid;
  width: 100%;
  margin-bottom: 8px;
}

.MuiTypography-root:where(.emotion-1 .MuiListItemText-primary) {
  display: block;
}

.MuiTypography-root:where(.emotion-1 .MuiListItemText-secondary) {
  display: block;
}

.emotion-2 {
  margin: 0;
  line-height: 1.5;
  font-family: Lato,sans-serif;
  font-weight: 400;
  font-size: 0.9286rem;
}

.emotion-3 {
  margin: 0;
  font-family: Lato,sans-serif;
  font-weight: 400;
  font-size: 0.8125rem;
  line-height: 1.43;
  color: rgba(0, 0, 0, 0.54);
}

.emotion-4 {
  margin: 0;
  -webkit-flex-shrink: 0;
  -ms-flex-negative: 0;
  flex-shrink: 0;
  border-width: 0;
  border-style: solid;
  border-color: rgba(0, 0, 0, 0.12);
  border-bottom-width: thin;
  margin-bottom: 8px;
  margin-left: -16px;
  width: 500px;
}

<li
  class="margin-top-small org-settings-item"
>
  <div
    class="MuiListItem-root flexbox column MuiListItem-gutters MuiListItem-padding MuiListItem-alignItemsFlexStart emotion-0"
  >
    <div
      class="MuiListItemText-root MuiListItemText-multiline emotion-1"
    >
      <span
        class="MuiTypography-root MuiTypography-body1 MuiListItemText-primary emotion-2"
      >
        Current plan
      </span>
      <div
        class="MuiTypography-root MuiTypography-body2 MuiListItemText-secondary two-columns emotion-3"
      >
        <div>
          Trial
        </div>
        <a
          class="align-right"
          href="https://mender.io/plans/pricing"
          rel="noopener noreferrer"
          target="_blank"
        >
          Compare product plans
        </a>
      </div>
    </div>
    <hr
      class="MuiDivider-root MuiDivider-fullWidth emotion-4"
    />
    upgrade now!
  </div>
</li>
`;
