// Vitest Snapshot v1, https://vitest.dev/guide/snapshot.html

exports[`DeploymentItem Component > renders correctly 1`] = `
<div>
  <span
    class="deployment-item-title muted"
  >
    Release
  </span>
  <div
    class="text-overflow "
    title="test"
  >
    test
  </div>
</div>
`;
