// Vitest Snapshot v1, https://vitest.dev/guide/snapshot.html

exports[`TimeframePicker Component > renders correctly 1`] = `
.emotion-0 {
  display: -webkit-inline-box;
  display: -webkit-inline-flex;
  display: -ms-inline-flexbox;
  display: inline-flex;
  -webkit-flex-direction: column;
  -ms-flex-direction: column;
  flex-direction: column;
  position: relative;
  min-width: 0;
  padding: 0;
  margin: 0;
  border: 0;
  vertical-align: top;
  min-width: 240px;
}

.emotion-0 .clearButton {
  opacity: 1;
}

@media (pointer: fine) {
  .emotion-0 .clearButton {
    opacity: 0;
  }

  .emotion-0:hover .clearButton,
  .emotion-0:focus-within .clearButton {
    opacity: 1;
  }
}

.emotion-1 {
  color: rgba(0, 0, 0, 0.54);
  line-height: 1.4375em;
  font-family: Lato,sans-serif;
  font-weight: 400;
  font-size: 0.9286rem;
  padding: 0;
  position: relative;
  color: rgba(0, 0, 0, 0.54);
  display: block;
  transform-origin: top left;
  white-space: nowrap;
  overflow: hidden;
  text-overflow: ellipsis;
  max-width: 100%;
  position: absolute;
  left: 0;
  top: 0;
  -webkit-transform: translate(0, 20px) scale(1);
  -moz-transform: translate(0, 20px) scale(1);
  -ms-transform: translate(0, 20px) scale(1);
  transform: translate(0, 20px) scale(1);
  -webkit-transition: color 200ms cubic-bezier(0.0, 0, 0.2, 1) 0ms,-webkit-transform 200ms cubic-bezier(0.0, 0, 0.2, 1) 0ms,max-width 200ms cubic-bezier(0.0, 0, 0.2, 1) 0ms;
  transition: color 200ms cubic-bezier(0.0, 0, 0.2, 1) 0ms,transform 200ms cubic-bezier(0.0, 0, 0.2, 1) 0ms,max-width 200ms cubic-bezier(0.0, 0, 0.2, 1) 0ms;
  z-index: 1;
  pointer-events: none;
  -webkit-transform: translate(14px, 16px) scale(1);
  -moz-transform: translate(14px, 16px) scale(1);
  -ms-transform: translate(14px, 16px) scale(1);
  transform: translate(14px, 16px) scale(1);
  max-width: calc(100% - 24px);
}

.emotion-1.Mui-focused {
  color: #337a87;
}

.emotion-1.Mui-disabled {
  color: rgba(0, 0, 0, 0.38);
}

.emotion-1.Mui-error {
  color: #ab1000;
}

.emotion-2 {
  line-height: 1.4375em;
  font-family: Lato,sans-serif;
  font-weight: 400;
  font-size: 0.9286rem;
  color: rgba(10, 10, 11, 0.78);
  box-sizing: border-box;
  position: relative;
  cursor: text;
  display: -webkit-inline-box;
  display: -webkit-inline-flex;
  display: -ms-inline-flexbox;
  display: inline-flex;
  -webkit-align-items: center;
  -webkit-box-align: center;
  -ms-flex-align: center;
  align-items: center;
  position: relative;
  border-radius: 4px;
  padding-right: 14px;
}

.emotion-2.Mui-disabled {
  color: rgba(0, 0, 0, 0.38);
  cursor: default;
}

.emotion-2:hover .MuiOutlinedInput-notchedOutline {
  border-color: rgba(10, 10, 11, 0.78);
}

@media (hover: none) {
  .emotion-2:hover .MuiOutlinedInput-notchedOutline {
    border-color: rgba(0, 0, 0, 0.23);
  }
}

.emotion-2.Mui-focused .MuiOutlinedInput-notchedOutline {
  border-width: 2px;
}

.emotion-2.Mui-focused .MuiOutlinedInput-notchedOutline {
  border-color: #337a87;
}

.emotion-2.Mui-error .MuiOutlinedInput-notchedOutline {
  border-color: #ab1000;
}

.emotion-2.Mui-disabled .MuiOutlinedInput-notchedOutline {
  border-color: rgba(0, 0, 0, 0.26);
}

.emotion-3 {
  font: inherit;
  letter-spacing: inherit;
  color: currentColor;
  padding: 4px 0 5px;
  border: 0;
  box-sizing: content-box;
  background: none;
  height: 1.4375em;
  margin: 0;
  -webkit-tap-highlight-color: transparent;
  display: block;
  min-width: 0;
  width: 100%;
  -webkit-animation-name: mui-auto-fill-cancel;
  animation-name: mui-auto-fill-cancel;
  -webkit-animation-duration: 10ms;
  animation-duration: 10ms;
  padding: 16.5px 14px;
  padding-right: 0;
}

.emotion-3::-webkit-input-placeholder {
  color: currentColor;
  opacity: 0.42;
  -webkit-transition: opacity 200ms cubic-bezier(0.4, 0, 0.2, 1) 0ms;
  transition: opacity 200ms cubic-bezier(0.4, 0, 0.2, 1) 0ms;
}

.emotion-3::-moz-placeholder {
  color: currentColor;
  opacity: 0.42;
  -webkit-transition: opacity 200ms cubic-bezier(0.4, 0, 0.2, 1) 0ms;
  transition: opacity 200ms cubic-bezier(0.4, 0, 0.2, 1) 0ms;
}

.emotion-3::-ms-input-placeholder {
  color: currentColor;
  opacity: 0.42;
  -webkit-transition: opacity 200ms cubic-bezier(0.4, 0, 0.2, 1) 0ms;
  transition: opacity 200ms cubic-bezier(0.4, 0, 0.2, 1) 0ms;
}

.emotion-3:focus {
  outline: 0;
}

.emotion-3:invalid {
  box-shadow: none;
}

.emotion-3::-webkit-search-decoration {
  -webkit-appearance: none;
}

label[data-shrink=false]+.MuiInputBase-formControl .emotion-3::-webkit-input-placeholder {
  opacity: 0!important;
}

label[data-shrink=false]+.MuiInputBase-formControl .emotion-3::-moz-placeholder {
  opacity: 0!important;
}

label[data-shrink=false]+.MuiInputBase-formControl .emotion-3::-ms-input-placeholder {
  opacity: 0!important;
}

label[data-shrink=false]+.MuiInputBase-formControl .emotion-3:focus::-webkit-input-placeholder {
  opacity: 0.42;
}

label[data-shrink=false]+.MuiInputBase-formControl .emotion-3:focus::-moz-placeholder {
  opacity: 0.42;
}

label[data-shrink=false]+.MuiInputBase-formControl .emotion-3:focus::-ms-input-placeholder {
  opacity: 0.42;
}

.emotion-3.Mui-disabled {
  opacity: 1;
  -webkit-text-fill-color: rgba(0, 0, 0, 0.38);
}

.emotion-3:-webkit-autofill {
  -webkit-animation-duration: 5000s;
  animation-duration: 5000s;
  -webkit-animation-name: mui-auto-fill;
  animation-name: mui-auto-fill;
}

.emotion-3:-webkit-autofill {
  border-radius: inherit;
}

.emotion-4 {
  text-align: left;
  position: absolute;
  bottom: 0;
  right: 0;
  top: -5px;
  left: 0;
  margin: 0;
  padding: 0 8px;
  pointer-events: none;
  border-radius: inherit;
  border-style: solid;
  border-width: 1px;
  overflow: hidden;
  min-width: 0%;
  border-color: rgba(0, 0, 0, 0.23);
}

.emotion-5 {
  float: unset;
  width: auto;
  overflow: hidden;
  display: block;
  padding: 0;
  height: 11px;
  font-size: 0.75em;
  visibility: hidden;
  max-width: 0.01px;
  -webkit-transition: max-width 50ms cubic-bezier(0.0, 0, 0.2, 1) 0ms;
  transition: max-width 50ms cubic-bezier(0.0, 0, 0.2, 1) 0ms;
  white-space: nowrap;
}

.emotion-5>span {
  padding-left: 5px;
  padding-right: 5px;
  display: inline-block;
  opacity: 0;
  visibility: visible;
}

.emotion-7 {
  color: rgba(0, 0, 0, 0.54);
  line-height: 1.4375em;
  font-family: Lato,sans-serif;
  font-weight: 400;
  font-size: 0.9286rem;
  padding: 0;
  position: relative;
  color: rgba(0, 0, 0, 0.54);
  display: block;
  transform-origin: top left;
  white-space: nowrap;
  overflow: hidden;
  text-overflow: ellipsis;
  max-width: 100%;
  position: absolute;
  left: 0;
  top: 0;
  -webkit-transform: translate(0, 20px) scale(1);
  -moz-transform: translate(0, 20px) scale(1);
  -ms-transform: translate(0, 20px) scale(1);
  transform: translate(0, 20px) scale(1);
  -webkit-transform: translate(0, -1.5px) scale(0.75);
  -moz-transform: translate(0, -1.5px) scale(0.75);
  -ms-transform: translate(0, -1.5px) scale(0.75);
  transform: translate(0, -1.5px) scale(0.75);
  transform-origin: top left;
  max-width: 133%;
  -webkit-transition: color 200ms cubic-bezier(0.0, 0, 0.2, 1) 0ms,-webkit-transform 200ms cubic-bezier(0.0, 0, 0.2, 1) 0ms,max-width 200ms cubic-bezier(0.0, 0, 0.2, 1) 0ms;
  transition: color 200ms cubic-bezier(0.0, 0, 0.2, 1) 0ms,transform 200ms cubic-bezier(0.0, 0, 0.2, 1) 0ms,max-width 200ms cubic-bezier(0.0, 0, 0.2, 1) 0ms;
  z-index: 1;
  pointer-events: none;
  -webkit-transform: translate(14px, 16px) scale(1);
  -moz-transform: translate(14px, 16px) scale(1);
  -ms-transform: translate(14px, 16px) scale(1);
  transform: translate(14px, 16px) scale(1);
  max-width: calc(100% - 24px);
  -webkit-user-select: none;
  -moz-user-select: none;
  -ms-user-select: none;
  user-select: none;
  pointer-events: auto;
  max-width: calc(133% - 32px);
  -webkit-transform: translate(14px, -9px) scale(0.75);
  -moz-transform: translate(14px, -9px) scale(0.75);
  -ms-transform: translate(14px, -9px) scale(0.75);
  transform: translate(14px, -9px) scale(0.75);
}

.emotion-7.Mui-focused {
  color: #337a87;
}

.emotion-7.Mui-disabled {
  color: rgba(0, 0, 0, 0.38);
}

.emotion-7.Mui-error {
  color: #ab1000;
}

.emotion-11 {
  float: unset;
  width: auto;
  overflow: hidden;
  display: block;
  padding: 0;
  height: 11px;
  font-size: 0.75em;
  visibility: hidden;
  max-width: 0.01px;
  -webkit-transition: max-width 50ms cubic-bezier(0.0, 0, 0.2, 1) 0ms;
  transition: max-width 50ms cubic-bezier(0.0, 0, 0.2, 1) 0ms;
  white-space: nowrap;
  max-width: 100%;
  -webkit-transition: max-width 100ms cubic-bezier(0.0, 0, 0.2, 1) 50ms;
  transition: max-width 100ms cubic-bezier(0.0, 0, 0.2, 1) 50ms;
}

.emotion-11>span {
  padding-left: 5px;
  padding-right: 5px;
  display: inline-block;
  opacity: 0;
  visibility: visible;
}

<div>
  <div
    class="flexbox"
    style="flex-wrap: wrap; gap: 15px;"
  >
    <div
      class="MuiFormControl-root MuiTextField-root emotion-0"
    >
      <label
        class="MuiFormLabel-root MuiInputLabel-root MuiInputLabel-formControl MuiInputLabel-animated MuiInputLabel-sizeMedium MuiInputLabel-outlined MuiFormLabel-colorPrimary MuiInputLabel-root MuiInputLabel-formControl MuiInputLabel-animated MuiInputLabel-sizeMedium MuiInputLabel-outlined emotion-1"
        data-shrink="false"
        for=":r1:"
        id=":r1:-label"
      >
        From
      </label>
      <div
        class="MuiInputBase-root MuiOutlinedInput-root MuiInputBase-colorPrimary MuiInputBase-formControl MuiInputBase-adornedEnd Mui-readOnly MuiInputBase-readOnly emotion-2"
      >
        <input
          aria-invalid="false"
          aria-label="From"
          autocomplete="off"
          class="MuiInputBase-input MuiOutlinedInput-input MuiInputBase-inputAdornedEnd Mui-readOnly MuiInputBase-readOnly emotion-3"
          id=":r1:"
          inputmode="text"
          placeholder="YYYY-MM-DD"
          readonly=""
          type="text"
          value=""
        />
        <fieldset
          aria-hidden="true"
          class="MuiOutlinedInput-notchedOutline emotion-4"
        >
          <legend
            class="emotion-5"
          >
            <span>
              From
            </span>
          </legend>
        </fieldset>
      </div>
    </div>
    <div
      class="MuiFormControl-root MuiTextField-root emotion-0"
    >
      <label
        class="MuiFormLabel-root MuiInputLabel-root MuiInputLabel-formControl MuiInputLabel-animated MuiInputLabel-shrink MuiInputLabel-sizeMedium MuiInputLabel-outlined MuiFormLabel-colorPrimary MuiFormLabel-filled MuiInputLabel-root MuiInputLabel-formControl MuiInputLabel-animated MuiInputLabel-shrink MuiInputLabel-sizeMedium MuiInputLabel-outlined emotion-7"
        data-shrink="true"
        for=":r4:"
        id=":r4:-label"
      >
        To
      </label>
      <div
        class="MuiInputBase-root MuiOutlinedInput-root MuiInputBase-colorPrimary MuiInputBase-formControl MuiInputBase-adornedEnd Mui-readOnly MuiInputBase-readOnly emotion-2"
      >
        <input
          aria-invalid="false"
          aria-label="To"
          autocomplete="off"
          class="MuiInputBase-input MuiOutlinedInput-input MuiInputBase-inputAdornedEnd Mui-readOnly MuiInputBase-readOnly emotion-3"
          id=":r4:"
          inputmode="text"
          placeholder="YYYY-MM-DD"
          readonly=""
          type="text"
          value="2019-01-13"
        />
        <fieldset
          aria-hidden="true"
          class="MuiOutlinedInput-notchedOutline emotion-4"
        >
          <legend
            class="emotion-11"
          >
            <span>
              To
            </span>
          </legend>
        </fieldset>
      </div>
    </div>
  </div>
</div>
`;
